{
    "datasetJson": {
        "id": 3,
        "identifier": "FK2/6ZUDGC",
        "persistentUrl": "https://doi.org/10.5072/FK2/6ZUDGC",
        "protocol": "doi",
        "authority": "10.5072",
        "publisher": "Root",
        "publicationDate": "2024-03-20",
        "storageIdentifier": "local://10.5072/FK2/6ZUDGC",
        "datasetVersion": {
            "id": 1,
            "datasetId": 3,
            "datasetPersistentId": "doi:10.5072/FK2/6ZUDGC",
            "storageIdentifier": "local://10.5072/FK2/6ZUDGC",
            "versionNumber": 1,
            "versionMinorNumber": 0,
            "versionState": "RELEASED",
            "UNF": "UNF:6:RPd9EWHSZwqUvRZuKTJMqg==",
            "lastUpdateTime": "2024-03-20T14:02:13Z",
            "releaseTime": "2024-03-20T14:02:13Z",
            "createTime": "2024-03-20T14:02:04Z",
            "publicationDate": "2024-03-20",
            "citationDate": "2024-03-20",
            "license": {
                "name": "CC0 1.0",
                "uri": "http://creativecommons.org/publicdomain/zero/1.0",
                "iconUri": "https://licensebuttons.net/p/zero/1.0/88x31.png"
            },
            "fileAccessRequest": true,
            "metadataBlocks": {
                "citation": {
                    "displayName": "Citation Metadata",
                    "name": "citation",
                    "fields": [
                        {
                            "typeName": "title",
                            "multiple": false,
                            "typeClass": "primitive",
                            "value": "Cars"
                        },
                        {
                            "typeName": "author",
                            "multiple": true,
                            "typeClass": "compound",
                            "value": [
                                {
                                    "authorName": {
                                        "typeName": "authorName",
                                        "multiple": false,
                                        "typeClass": "primitive",
                                        "value": "Durbin, Philip"
                                    },
                                    "authorAffiliation": {
                                        "typeName": "authorAffiliation",
                                        "multiple": false,
                                        "typeClass": "primitive",
                                        "value": "Harvard"
                                    }
                                }
                            ]
                        },
                        {
                            "typeName": "datasetContact",
                            "multiple": true,
                            "typeClass": "compound",
                            "value": [
                                {
                                    "datasetContactName": {
                                        "typeName": "datasetContactName",
                                        "multiple": false,
                                        "typeClass": "primitive",
                                        "value": "Durbin, Philip"
                                    },
                                    "datasetContactAffiliation": {
                                        "typeName": "datasetContactAffiliation",
                                        "multiple": false,
                                        "typeClass": "primitive",
                                        "value": "Harvard"
                                    },
                                    "datasetContactEmail": {
                                        "typeName": "datasetContactEmail",
                                        "multiple": false,
                                        "typeClass": "primitive",
                                        "value": "dataverse@mailinator.com"
                                    }
                                }
                            ]
                        },
                        {
                            "typeName": "dsDescription",
                            "multiple": true,
                            "typeClass": "compound",
                            "value": [
                                {
                                    "dsDescriptionValue": {
                                        "typeName": "dsDescriptionValue",
                                        "multiple": false,
                                        "typeClass": "primitive",
                                        "value": "This dataset is about cars."
                                    }
                                }
                            ]
                        },
                        {
                            "typeName": "subject",
                            "multiple": true,
                            "typeClass": "controlledVocabulary",
                            "value": [
                                "Other"
                            ]
                        },
                        {
                            "typeName": "depositor",
                            "multiple": false,
                            "typeClass": "primitive",
                            "value": "Durbin, Philip"
                        },
                        {
                            "typeName": "dateOfDeposit",
                            "multiple": false,
                            "typeClass": "primitive",
                            "value": "2024-03-13"
                        }
                    ]
                }
            },
            "files": [
                {
                    "description": "",
                    "label": "compute.py",
                    "restricted": false,
                    "directoryLabel": "code",
                    "version": 2,
                    "datasetVersionId": 1,
                    "dataFile": {
                        "id": 4,
                        "persistentId": "",
                        "filename": "compute.py",
                        "contentType": "text/x-python",
                        "friendlyType": "Python Source Code",
                        "filesize": 15,
                        "description": "",
                        "storageIdentifier": "local://18e5c2b4bbb-3e5d7cdd36eb",
                        "rootDataFileId": -1,
                        "md5": "d84985e94dde671f318076bd7a137f15",
                        "checksum": {
                            "type": "MD5",
                            "value": "d84985e94dde671f318076bd7a137f15"
                        },
                        "tabularData": false,
                        "creationDate": "2024-03-20",
                        "publicationDate": "2024-03-20",
                        "fileAccessRequest": true
                    }
                },
                {
                    "description": "",
                    "label": "README.md",
                    "restricted": false,
                    "directoryLabel": "doc",
                    "version": 2,
                    "datasetVersionId": 1,
                    "dataFile": {
                        "id": 5,
                        "persistentId": "",
                        "filename": "README.md",
                        "contentType": "text/markdown",
                        "friendlyType": "Markdown Text",
                        "filesize": 28,
                        "description": "",
                        "storageIdentifier": "local://18e5c2b4e7f-215de2f460f1",
                        "rootDataFileId": -1,
                        "md5": "a2e484d07ee5590cc32182dc2c6ccc83",
                        "checksum": {
                            "type": "MD5",
                            "value": "a2e484d07ee5590cc32182dc2c6ccc83"
                        },
                        "tabularData": false,
                        "creationDate": "2024-03-20",
                        "publicationDate": "2024-03-20",
                        "fileAccessRequest": true
                    }
                },
                {
                    "description": "",
                    "label": "stata13-auto.tab",
                    "restricted": false,
                    "directoryLabel": "data",
                    "version": 4,
                    "datasetVersionId": 1,
                    "dataFile": {
                        "id": 6,
                        "persistentId": "",
                        "filename": "stata13-auto.tab",
                        "contentType": "text/tab-separated-values",
                        "friendlyType": "Tab-Delimited",
                        "filesize": 4026,
                        "description": "",
                        "storageIdentifier": "local://18e5c2b505c-9712a34b0fe9",
                        "originalFileFormat": "application/x-stata-13",
                        "originalFormatLabel": "Stata 13 Binary",
                        "originalFileSize": 6443,
                        "originalFileName": "stata13-auto.dta",
                        "UNF": "UNF:6:RPd9EWHSZwqUvRZuKTJMqg==",
                        "rootDataFileId": -1,
                        "md5": "7b1201ce6b469796837a835377338c5a",
                        "checksum": {
                            "type": "MD5",
                            "value": "7b1201ce6b469796837a835377338c5a"
                        },
                        "tabularData": true,
                        "creationDate": "2024-03-20",
                        "publicationDate": "2024-03-20",
                        "fileAccessRequest": true
                    }
                }
            ],
            "citation": "Durbin, Philip, 2024, \"Cars\", https://doi.org/10.5072/FK2/6ZUDGC, Root, V1, UNF:6:RPd9EWHSZwqUvRZuKTJMqg== [fileUNF]"
        }
    },
    "datasetORE": {
        "dcterms:modified": "2024-03-20",
        "dcterms:creator": "Root",
        "@type": "ore:ResourceMap",
        "schema:additionalType": "Dataverse OREMap Format v1.0.0",
        "dvcore:generatedBy": {
            "@type": "schema:SoftwareApplication",
            "schema:name": "Dataverse",
            "schema:version": "6.1 build pdurbin",
            "schema:url": "https://github.com/iqss/dataverse"
        },
        "@id": "http://localhost:8080/api/datasets/export?exporter=OAI_ORE&persistentId=https://doi.org/10.5072/FK2/6ZUDGC",
        "ore:describes": {
            "citation:dsDescription": {
                "citation:dsDescriptionValue": "This dataset is about cars."
            },
            "citation:datasetContact": {
                "citation:datasetContactName": "Durbin, Philip",
                "citation:datasetContactAffiliation": "Harvard",
                "citation:datasetContactEmail": "dataverse@mailinator.com"
            },
            "author": {
                "citation:authorName": "Durbin, Philip",
                "citation:authorAffiliation": "Harvard"
            },
            "subject": "Other",
            "dateOfDeposit": "2024-03-13",
            "citation:depositor": "Durbin, Philip",
            "title": "Cars",
            "@id": "https://doi.org/10.5072/FK2/6ZUDGC",
            "@type": [
                "ore:Aggregation",
                "schema:Dataset"
            ],
            "schema:version": "1.0",
            "schema:name": "Cars",
            "schema:dateModified": "Wed Mar 20 14:02:13 UTC 2024",
            "schema:datePublished": "2024-03-20",
            "schema:creativeWorkStatus": "RELEASED",
            "schema:license": "http://creativecommons.org/publicdomain/zero/1.0",
            "dvcore:fileTermsOfAccess": {
                "dvcore:fileRequestAccess": true
            },
            "schema:includedInDataCatalog": "Root",
            "schema:isPartOf": {
                "schema:name": "Cars",
                "@id": "http://localhost:8080/dataverse/cars",
                "schema:description": "Data about cars.",
                "schema:isPartOf": {
                    "schema:name": "Root",
                    "@id": "http://localhost:8080/dataverse/root",
                    "schema:description": "The root dataverse."
                }
            },
            "ore:aggregates": [
                {
                    "schema:description": "",
                    "schema:name": "compute.py",
                    "dvcore:restricted": false,
                    "dvcore:directoryLabel": "code",
                    "schema:version": 2,
                    "dvcore:datasetVersionId": 1,
                    "@id": "http://localhost:8080/file.xhtml?fileId=4",
                    "schema:sameAs": "http://localhost:8080/api/access/datafile/4",
                    "@type": "ore:AggregatedResource",
                    "schema:fileFormat": "text/x-python",
                    "dvcore:filesize": 15,
                    "dvcore:storageIdentifier": "local://18e5c2b4bbb-3e5d7cdd36eb",
                    "dvcore:rootDataFileId": -1,
                    "dvcore:checksum": {
                        "@type": "MD5",
                        "@value": "d84985e94dde671f318076bd7a137f15"
                    }
                },
                {
                    "schema:description": "",
                    "schema:name": "README.md",
                    "dvcore:restricted": false,
                    "dvcore:directoryLabel": "doc",
                    "schema:version": 2,
                    "dvcore:datasetVersionId": 1,
                    "@id": "http://localhost:8080/file.xhtml?fileId=5",
                    "schema:sameAs": "http://localhost:8080/api/access/datafile/5",
                    "@type": "ore:AggregatedResource",
                    "schema:fileFormat": "text/markdown",
                    "dvcore:filesize": 28,
                    "dvcore:storageIdentifier": "local://18e5c2b4e7f-215de2f460f1",
                    "dvcore:rootDataFileId": -1,
                    "dvcore:checksum": {
                        "@type": "MD5",
                        "@value": "a2e484d07ee5590cc32182dc2c6ccc83"
                    }
                },
                {
                    "schema:description": "",
                    "schema:name": "stata13-auto.dta",
                    "dvcore:restricted": false,
                    "dvcore:directoryLabel": "data",
                    "schema:version": 4,
                    "dvcore:datasetVersionId": 1,
                    "@id": "http://localhost:8080/file.xhtml?fileId=6",
                    "schema:sameAs": "http://localhost:8080/api/access/datafile/6?format=original",
                    "@type": "ore:AggregatedResource",
                    "schema:fileFormat": "application/x-stata-13",
                    "dvcore:filesize": 6443,
                    "dvcore:storageIdentifier": "local://18e5c2b505c-9712a34b0fe9",
                    "dvcore:currentIngestedName": "stata13-auto.tab",
                    "dvcore:UNF": "UNF:6:RPd9EWHSZwqUvRZuKTJMqg==",
                    "dvcore:rootDataFileId": -1,
                    "dvcore:checksum": {
                        "@type": "MD5",
                        "@value": "7b1201ce6b469796837a835377338c5a"
                    }
                }
            ],
            "schema:hasPart": [
                "http://localhost:8080/file.xhtml?fileId=4",
                "http://localhost:8080/file.xhtml?fileId=5",
                "http://localhost:8080/file.xhtml?fileId=6"
            ]
        },
        "@context": {
            "author": "http://purl.org/dc/terms/creator",
            "citation": "https://dataverse.org/schema/citation/",
            "dateOfDeposit": "http://purl.org/dc/terms/dateSubmitted",
            "dcterms": "http://purl.org/dc/terms/",
            "dvcore": "https://dataverse.org/schema/core#",
            "ore": "http://www.openarchives.org/ore/terms/",
            "schema": "http://schema.org/",
            "subject": "http://purl.org/dc/terms/subject",
            "title": "http://purl.org/dc/terms/title"
        }
    },
    "datasetSchemaDotOrg": {
        "@context": "http://schema.org",
        "@type": "Dataset",
        "@id": "https://doi.org/10.5072/FK2/6ZUDGC",
        "identifier": "https://doi.org/10.5072/FK2/6ZUDGC",
        "name": "Cars",
        "creator": [
            {
                "@type": "Person",
                "givenName": "Philip",
                "familyName": "Durbin",
                "affiliation": {
                    "@type": "Organization",
                    "name": "Harvard"
                },
                "name": "Durbin, Philip"
            }
        ],
        "author": [
            {
                "@type": "Person",
                "givenName": "Philip",
                "familyName": "Durbin",
                "affiliation": {
                    "@type": "Organization",
                    "name": "Harvard"
                },
                "name": "Durbin, Philip"
            }
        ],
        "datePublished": "2024-03-20",
        "dateModified": "2024-03-20",
        "version": "1",
        "description": "This dataset is about cars.",
        "keywords": [
            "Other"
        ],
        "license": "http://creativecommons.org/publicdomain/zero/1.0",
        "includedInDataCatalog": {
            "@type": "DataCatalog",
            "name": "Root",
            "url": "http://localhost:8080"
        },
        "publisher": {
            "@type": "Organization",
            "name": "Root"
        },
        "provider": {
            "@type": "Organization",
            "name": "Root"
        },
        "distribution": [
            {
                "@type": "DataDownload",
                "name": "compute.py",
                "encodingFormat": "text/x-python",
                "contentSize": 15,
                "description": "",
                "contentUrl": "http://localhost:8080/api/access/datafile/4"
            },
            {
                "@type": "DataDownload",
                "name": "stata13-auto.tab",
                "encodingFormat": "text/tab-separated-values",
                "contentSize": 4026,
                "description": "",
                "contentUrl": "http://localhost:8080/api/access/datafile/6"
            },
            {
                "@type": "DataDownload",
                "name": "README.md",
                "encodingFormat": "text/markdown",
                "contentSize": 28,
                "description": "",
                "contentUrl": "http://localhost:8080/api/access/datafile/5"
            }
        ]
    },
    "datasetFileDetails": [
        {
            "id": 4,
            "persistentId": "",
            "filename": "compute.py",
            "contentType": "text/x-python",
            "friendlyType": "Python Source Code",
            "filesize": 15,
            "description": "",
            "storageIdentifier": "local://18e5c2b4bbb-3e5d7cdd36eb",
            "rootDataFileId": -1,
            "md5": "d84985e94dde671f318076bd7a137f15",
            "checksum": {
                "type": "MD5",
                "value": "d84985e94dde671f318076bd7a137f15"
            },
            "tabularData": false,
            "creationDate": "2024-03-20",
            "publicationDate": "2024-03-20",
            "fileAccessRequest": true,
            "restricted": false,
            "fileMetadataId": 1,
            "varGroups": [
            ]
        },
        {
            "id": 5,
            "persistentId": "",
            "filename": "README.md",
            "contentType": "text/markdown",
            "friendlyType": "Markdown Text",
            "filesize": 28,
            "description": "",
            "storageIdentifier": "local://18e5c2b4e7f-215de2f460f1",
            "rootDataFileId": -1,
            "md5": "a2e484d07ee5590cc32182dc2c6ccc83",
            "checksum": {
                "type": "MD5",
                "value": "a2e484d07ee5590cc32182dc2c6ccc83"
            },
            "tabularData": false,
            "creationDate": "2024-03-20",
            "publicationDate": "2024-03-20",
            "fileAccessRequest": true,
            "restricted": false,
            "fileMetadataId": 2,
            "varGroups": [
            ]
        },
        {
            "id": 6,
            "persistentId": "",
            "filename": "stata13-auto.tab",
            "contentType": "text/tab-separated-values",
            "friendlyType": "Tab-Delimited",
            "filesize": 4026,
            "description": "",
            "storageIdentifier": "local://18e5c2b505c-9712a34b0fe9",
            "originalFileFormat": "application/x-stata-13",
            "originalFormatLabel": "Stata 13 Binary",
            "originalFileSize": 6443,
            "originalFileName": "stata13-auto.dta",
            "UNF": "UNF:6:RPd9EWHSZwqUvRZuKTJMqg==",
            "rootDataFileId": -1,
            "md5": "7b1201ce6b469796837a835377338c5a",
            "checksum": {
                "type": "MD5",
                "value": "7b1201ce6b469796837a835377338c5a"
            },
            "tabularData": true,
            "creationDate": "2024-03-20",
            "publicationDate": "2024-03-20",
            "fileAccessRequest": true,
            "restricted": false,
            "fileMetadataId": 3,
            "dataTables": [
                {
                    "varQuantity": 12,
                    "caseQuantity": 74,
                    "UNF": "UNF:6:RPd9EWHSZwqUvRZuKTJMqg==",
                    "dataVariables": [
                        {
                            "id": 11,
                            "name": "make",
                            "label": "Make and Model",
                            "weighted": false,
                            "variableIntervalType": "discrete",
                            "variableFormatType": "CHARACTER",
                            "isOrderedCategorical": false,
                            "fileOrder": 0,
                            "UNF": "UNF:6:Oo4vwiL8ffhSECOcjsKk2g==",
                            "variableMetadata": [
                            ]
                        },
                        {
                            "id": 5,
                            "name": "price",
                            "label": "Price",
                            "weighted": false,
                            "variableIntervalType": "discrete",
                            "variableFormatType": "NUMERIC",
                            "isOrderedCategorical": false,
                            "fileOrder": 1,
                            "UNF": "UNF:6:rvfkkdA36AaCSqCQciybfA==",
                            "variableMetadata": [
                            ],
                            "summaryStatistics": {
                                "mean": "6165.256756756757",
                                "min": "3291.0",
                                "stdev": "2949.4958847689186",
                                "vald": "74.0",
                                "invd": "0.0",
                                "medn": "5006.5",
                                "mode": ".",
                                "max": "15906.0"
                            }
                        },
                        {
                            "id": 6,
                            "name": "mpg",
                            "label": "Mileage (mpg)",
                            "weighted": false,
                            "variableIntervalType": "discrete",
                            "variableFormatType": "NUMERIC",
                            "isOrderedCategorical": false,
                            "fileOrder": 2,
                            "UNF": "UNF:6:vVr3w8CgeZq1KpDfJQudOg==",
                            "variableMetadata": [
                            ],
                            "summaryStatistics": {
                                "max": "41.0",
                                "medn": "20.0",
                                "invd": "0.0",
                                "min": "12.0",
                                "vald": "74.0",
                                "mean": "21.2972972972973",
                                "mode": ".",
                                "stdev": "5.785503209735141"
                            }
                        },
                        {
                            "id": 4,
                            "name": "rep78",
                            "label": "Repair Record 1978",
                            "weighted": false,
                            "variableIntervalType": "discrete",
                            "variableFormatType": "NUMERIC",
                            "isOrderedCategorical": false,
                            "fileOrder": 3,
                            "UNF": "UNF:6:gbFI98swTWNhAjCRyi2cdA==",
                            "variableMetadata": [
                            ],
                            "summaryStatistics": {
                                "vald": "69.0",
                                "mean": "3.4057971014492754",
                                "stdev": "0.989932270109041",
                                "mode": ".",
                                "min": "1.0",
                                "invd": "5.0",
                                "medn": "3.0",
                                "max": "5.0"
                            }
                        },
                        {
                            "id": 7,
                            "name": "headroom",
                            "label": "Headroom (in.)",
                            "weighted": false,
                            "variableIntervalType": "contin",
                            "variableFormatType": "NUMERIC",
                            "format": "float",
                            "isOrderedCategorical": false,
                            "fileOrder": 4,
                            "UNF": "UNF:6:g4Pl3T0Oz2e/OKJ64WiTnA==",
                            "variableMetadata": [
                            ],
                            "summaryStatistics": {
                                "min": "1.5",
                                "mode": ".",
                                "mean": "2.993243243243243",
                                "invd": "0.0",
                                "medn": "3.0",
                                "stdev": "0.845994766828771",
                                "vald": "74.0",
                                "max": "5.0"
                            }
                        },
                        {
                            "id": 9,
                            "name": "trunk",
                            "label": "Trunk space (cu. ft.)",
                            "weighted": false,
                            "variableIntervalType": "discrete",
                            "variableFormatType": "NUMERIC",
                            "isOrderedCategorical": false,
                            "fileOrder": 5,
                            "UNF": "UNF:6:iab0POsE3By7dQfgX/TY4g==",
                            "variableMetadata": [
                            ],
                            "summaryStatistics": {
                                "medn": "14.0",
                                "invd": "0.0",
                                "mode": ".",
                                "vald": "74.0",
                                "stdev": "4.277404189173201",
                                "min": "5.0",
                                "mean": "13.756756756756756",
                                "max": "23.0"
                            }
                        },
                        {
                            "id": 10,
                            "name": "weight",
                            "label": "Weight (lbs.)",
                            "weighted": false,
                            "variableIntervalType": "discrete",
                            "variableFormatType": "NUMERIC",
                            "isOrderedCategorical": false,
                            "fileOrder": 6,
                            "UNF": "UNF:6:cdoTdfUNeYWHHFEBCDxg+w==",
                            "variableMetadata": [
                            ],
                            "summaryStatistics": {
                                "medn": "3190.0",
                                "mode": ".",
                                "invd": "0.0",
                                "vald": "74.0",
                                "mean": "3019.459459459459",
                                "stdev": "777.1935671373664",
                                "min": "1760.0",
                                "max": "4840.0"
                            }
                        },
                        {
                            "id": 3,
                            "name": "length",
                            "label": "Length (in.)",
                            "weighted": false,
                            "variableIntervalType": "discrete",
                            "variableFormatType": "NUMERIC",
                            "isOrderedCategorical": false,
                            "fileOrder": 7,
                            "UNF": "UNF:6:8z1rjwhqBN4meYIiKI4P1A==",
                            "variableMetadata": [
                            ],
                            "summaryStatistics": {
                                "max": "233.0",
                                "mode": ".",
                                "invd": "0.0",
                                "mean": "187.93243243243245",
                                "medn": "192.5",
                                "vald": "74.0",
                                "min": "142.0",
                                "stdev": "22.266339902021585"
                            }
                        },
                        {
                            "id": 2,
                            "name": "turn",
                            "label": "Turn Circle (ft.) ",
                            "weighted": false,
                            "variableIntervalType": "discrete",
                            "variableFormatType": "NUMERIC",
                            "isOrderedCategorical": false,
                            "fileOrder": 8,
                            "UNF": "UNF:6:QxhjrrNtVz4qA8RulQ2MuQ==",
                            "variableMetadata": [
                            ],
                            "summaryStatistics": {
                                "medn": "40.0",
                                "vald": "74.0",
                                "mode": ".",
                                "invd": "0.0",
                                "stdev": "4.399353727233908",
                                "mean": "39.648648648648646",
                                "min": "31.0",
                                "max": "51.0"
                            }
                        },
                        {
                            "id": 1,
                            "name": "displacement",
                            "label": "Displacement (cu. in.)",
                            "weighted": false,
                            "variableIntervalType": "discrete",
                            "variableFormatType": "NUMERIC",
                            "isOrderedCategorical": false,
                            "fileOrder": 9,
                            "UNF": "UNF:6:ftk+RAQpTCT1/y6G/rLWfA==",
                            "variableMetadata": [
                            ],
                            "summaryStatistics": {
                                "mode": ".",
                                "medn": "196.0",
                                "stdev": "91.83721896440396",
                                "vald": "74.0",
                                "min": "79.0",
                                "mean": "197.2972972972973",
                                "max": "425.0",
                                "invd": "0.0"
                            }
                        },
                        {
                            "id": 8,
                            "name": "gear_ratio",
                            "label": "Gear Ratio",
                            "weighted": false,
                            "variableIntervalType": "contin",
                            "variableFormatType": "NUMERIC",
                            "format": "float",
                            "isOrderedCategorical": false,
                            "fileOrder": 10,
                            "UNF": "UNF:6:qjnY/qbx26FTepoPqRZ6lw==",
                            "variableMetadata": [
                            ],
                            "summaryStatistics": {
                                "invd": "0.0",
                                "min": "2.190000057220459",
                                "stdev": "0.45628709670763035",
                                "vald": "74.0",
                                "max": "3.890000104904175",
                                "mode": ".",
                                "mean": "3.0148648667979883",
                                "medn": "2.9550000429153442"
                            }
                        },
                        {
                            "id": 12,
                            "name": "foreign",
                            "label": "Car type",
                            "weighted": false,
                            "variableIntervalType": "discrete",
                            "variableFormatType": "NUMERIC",
                            "isOrderedCategorical": false,
                            "fileOrder": 11,
                            "UNF": "UNF:6:nbjzgh3wfAFqKpaoFnHalA==",
                            "variableMetadata": [
                            ],
                            "summaryStatistics": {
                                "mean": "0.2972972972972975",
                                "invd": "0.0",
                                "mode": ".",
                                "stdev": "0.46018845840901884",
                                "medn": "0.0",
                                "vald": "74.0",
                                "min": "0.0",
                                "max": "1.0"
                            },
                            "variableCategories": [
                                {
                                    "label": "Foreign",
                                    "value": "1",
                                    "isMissing": false,
                                    "frequency": 22.0
                                },
                                {
                                    "label": "Domestic",
                                    "value": "0",
                                    "isMissing": false,
                                    "frequency": 52.0
                                }
                            ]
                        }
                    ]
                }
            ],
            "varGroups": [
            ]
        }
    ],
    "dataCiteXml": "<?xml version=\"1.0\" encoding=\"UTF-8\"?>\n<resource xmlns=\"http://datacite.org/schema/kernel-4\" xsi:schemaLocation=\"http://datacite.org/schema/kernel-4 http://schema.datacite.org/meta/kernel-4/metadata.xsd\" xmlns:xsi=\"http://www.w3.org/2001/XMLSchema-instance\">\n      \n  <identifier identifierType=\"DOI\">10.5072/FK2/6ZUDGC</identifier>\n      \n  <creators>\n    <creator>\n      <creatorName>Durbin, Philip</creatorName>\n      <affiliation>(Harvard)</affiliation>\n    </creator>\n  </creators>\n      \n  <titles>\n            \n    <title>Cars</title>\n        \n  </titles>\n      \n  <publisher>Root</publisher>\n      \n  <publicationYear>2024</publicationYear>\n      \n  <resourceType resourceTypeGeneral=\"Dataset\"/>\n      \n    \n  <descriptions>\n            \n    <description descriptionType=\"Abstract\">This dataset is about cars.</description>\n        \n  </descriptions>\n      \n  <contributors>\n    <contributor contributorType=\"ContactPerson\">\n      <contributorName>Durbin, Philip</contributorName>\n      <affiliation>(Harvard)</affiliation>\n    </contributor>\n  </contributors>\n  \n</resource>\n\n"
}